--- Startup times for process: Primary/TUI ---

times in msec
 clock   self+sourced   self:  sourced script
 clock   elapsed:              other lines

000.000  000.000: --- NVIM STARTING ---
000.084  000.084: event init
000.429  000.345: early init
000.977  000.548: locale set
001.024  000.047: init first window
001.334  000.310: inits 1
001.339  000.005: window checked
001.343  000.003: parsing arguments
001.912  000.025  000.025: require('vim.shared')
001.969  000.028  000.028: require('vim.inspect')
002.001  000.024  000.024: require('vim._options')
002.002  000.086  000.033: require('vim._editor')
002.003  000.155  000.044: require('vim._init_packages')
002.004  000.507: init lua interpreter
002.325  000.321: --- NVIM STARTED ---

--- Startup times for process: Embedded ---

times in msec
 clock   self+sourced   self:  sourced script
 clock   elapsed:              other lines

000.000  000.000: --- NVIM STARTING ---
000.064  000.063: event init
000.150  000.087: early init
000.403  000.252: locale set
000.427  000.025: init first window
000.631  000.204: inits 1
000.642  000.011: window checked
000.645  000.002: parsing arguments
000.955  000.021  000.021: require('vim.shared')
001.005  000.025  000.025: require('vim.inspect')
001.034  000.022  000.022: require('vim._options')
001.035  000.077  000.030: require('vim._editor')
001.036  000.122  000.024: require('vim._init_packages')
001.037  000.270: init lua interpreter
003.010  001.973: expanding arguments
003.019  000.009: inits 2
003.196  000.177: init highlight
003.196  000.000: waiting for UI
003.275  000.079: done waiting for UI
003.277  000.002: clear screen
003.330  000.005  000.005: require('vim.keymap')
003.895  000.616  000.611: require('vim._defaults')
003.896  000.003: init default mappings & autocommands
005.017  000.293  000.293: sourcing /opt/homebrew/Cellar/neovim/0.10.4_1/share/nvim/runtime/ftplugin.vim
005.313  000.243  000.243: sourcing /opt/homebrew/Cellar/neovim/0.10.4_1/share/nvim/runtime/indent.vim
005.964  000.386  000.386: require('core.lazy')
006.914  000.310  000.310: require('config.options')
008.493  000.003  000.003: require('vim.F')
008.514  001.340  001.337: require('vim.diagnostic')
009.016  002.101  000.761: require('config.keymaps')
009.372  000.355  000.355: require('config.autocmds')
009.373  003.408  000.642: require('config')
009.648  000.275  000.275: require('lazy')
010.064  000.188  000.188: require('kickstart.plugins.autopairs')
010.347  000.282  000.282: require('kickstart.plugins.neo-tree')
010.549  000.201  000.201: require('kickstart.plugins.gitsigns')
010.550  000.901  000.229: require('plugins')
010.571  000.012  000.012: require('ffi')
010.604  000.021  000.021: require('vim.fs')
010.957  000.350  000.350: require('vim.uri')
010.964  000.392  000.021: require('vim.loader')
011.342  000.358  000.358: require('lazy.stats')
011.598  000.229  000.229: require('lazy.core.util')
011.871  000.272  000.272: require('lazy.core.config')
012.434  000.288  000.288: require('lazy.core.handler')
012.927  000.492  000.492: require('lazy.core.plugin')
012.931  001.059  000.278: require('lazy.core.loader')
013.677  000.325  000.325: require('plugins.editor')
013.985  000.228  000.228: require('plugins.ui')
014.330  000.283  000.283: require('plugins.lsp')
014.784  000.338  000.338: require('plugins.completion')
015.179  000.233  000.233: require('plugins.git')
015.567  000.262  000.262: require('plugins.navigation')
015.926  000.242  000.242: require('plugins.treesitter')
016.301  000.289  000.289: require('plugins.markdown')
016.645  000.163  000.163: require('plugins.tex')
016.919  000.183  000.183: require('custom.plugins')
017.115  000.195  000.195: require('custom.plugins.gitblame')
017.343  000.221  000.221: require('custom.plugins.undotree')
017.797  000.239  000.239: require('lazy.core.handler.keys')
018.220  000.219  000.219: require('lazy.core.handler.event')
018.222  000.423  000.204: require('lazy.core.handler.ft')
018.512  000.289  000.289: require('lazy.core.handler.cmd')
019.681  000.488  000.488: sourcing /opt/homebrew/Cellar/neovim/0.10.4_1/share/nvim/runtime/filetype.lua
021.750  000.719  000.719: require('kanagawa')
021.977  000.226  000.226: require('kanagawa.utils')
022.481  000.498  000.498: require('kanagawa.colors')
023.427  000.095  000.095: require('kanagawa.lib.hsluv')
023.429  000.208  000.113: require('kanagawa.lib.color')
023.430  000.901  000.693: require('kanagawa.themes')
023.541  000.084  000.084: require('kanagawa.highlights')
023.822  000.280  000.280: require('kanagawa.highlights.editor')
023.960  000.113  000.113: require('kanagawa.highlights.syntax')
024.100  000.123  000.123: require('kanagawa.highlights.treesitter')
024.201  000.090  000.090: require('kanagawa.highlights.lsp')
024.472  000.267  000.267: require('kanagawa.highlights.plugins')
024.819  003.941  000.641: sourcing /Users/atishayamaharjan/.local/share/nvim/lazy/kanagawa.nvim/colors/kanagawa-wave.vim
025.084  000.158  000.158: sourcing /Users/atishayamaharjan/.local/share/nvim/lazy/nvim-colorizer.lua/plugin/colorizer.vim
025.891  000.189  000.189: require('colorizer/nvim')
026.129  000.237  000.237: require('colorizer/trie')
026.237  001.141  000.715: require('colorizer')
027.611  000.125  000.125: require('nvim-treesitter.utils')
029.167  000.094  000.094: require('vim.treesitter.language')
029.286  000.117  000.117: require('vim.func')
029.409  000.120  000.120: require('vim.func._memoize')
029.418  000.642  000.310: require('vim.treesitter.query')
029.529  000.111  000.111: require('vim.treesitter._range')
029.536  001.269  000.517: require('vim.treesitter.languagetree')
029.539  001.541  000.272: require('vim.treesitter')
029.993  002.381  000.839: require('nvim-treesitter.parsers')
030.555  000.074  000.074: require('nvim-treesitter.compat')
030.849  000.206  000.206: require('nvim-treesitter.ts_utils')
030.851  000.295  000.089: require('nvim-treesitter.tsrange')
030.958  000.106  000.106: require('nvim-treesitter.caching')
030.962  000.668  000.193: require('nvim-treesitter.query')
030.968  000.858  000.190: require('nvim-treesitter.configs')
030.969  000.976  000.118: require('nvim-treesitter.info')
031.081  000.111  000.111: require('nvim-treesitter.shell_command_selectors')
031.093  003.858  000.265: require('nvim-treesitter.install')
031.168  000.074  000.074: require('nvim-treesitter.statusline')
031.252  000.083  000.083: require('nvim-treesitter.query_predicates')
031.253  004.308  000.292: require('nvim-treesitter')
031.591  004.721  000.413: sourcing /Users/atishayamaharjan/.local/share/nvim/lazy/nvim-treesitter/plugin/nvim-treesitter.lua
032.257  000.083  000.083: require('nvim-treesitter.highlight')
032.379  000.082  000.082: require('nvim-treesitter.indent')
032.587  000.109  000.109: require('render-markdown.state')
033.006  000.078  000.078: require('render-markdown.logger')
033.007  000.153  000.075: require('render-markdown.handler.latex')
033.160  000.070  000.070: require('render-markdown.callout')
033.231  000.070  000.070: require('render-markdown.list')
033.304  000.072  000.072: require('render-markdown.ts')
033.376  000.071  000.071: require('render-markdown.util')
033.377  000.369  000.086: require('render-markdown.handler.markdown')
033.449  000.071  000.071: require('render-markdown.handler.markdown_inline')
033.451  000.863  000.269: require('render-markdown.ui')
033.455  001.062  000.090: require('render-markdown')
038.341  000.536  000.536: require('mini.ai')
038.975  000.432  000.432: require('mini.surround')
039.285  000.181  000.181: require('mini.statusline')
039.623  000.230  000.230: sourcing /Users/atishayamaharjan/.local/share/nvim/lazy/undotree/plugin/undotree.vim
040.318  000.479  000.479: sourcing /Users/atishayamaharjan/.local/share/nvim/lazy/vim-sleuth/plugin/sleuth.vim
040.975  000.102  000.102: require('mason-core.path')
041.234  000.143  000.143: require('mason-core.functional')
041.506  000.081  000.081: require('mason-core.functional.data')
041.509  000.187  000.106: require('mason-core.functional.function')
041.595  000.081  000.081: require('mason-core.functional.relation')
041.678  000.078  000.078: require('mason-core.functional.logic')
041.684  000.708  000.219: require('mason-core.platform')
041.767  000.082  000.082: require('mason.settings')
041.769  001.112  000.219: require('mason')
042.168  000.163  000.163: require('mason-core.functional.list')
042.280  000.109  000.109: require('mason-core.functional.string')
042.324  000.440  000.168: require('mason.api.command')
042.475  000.148  000.148: require('mason-registry.sources')
043.812  000.106  000.106: require('mason-core.log')
043.813  000.183  000.076: require('mason-core.EventEmitter')
043.883  000.068  000.068: require('mason-core.optional')
044.041  000.089  000.089: require('mason-core.async')
044.109  000.067  000.067: require('mason-core.async.uv')
044.112  000.229  000.073: require('mason-core.fs')
044.157  000.635  000.156: require('mason-registry')
044.301  000.068  000.068: require('mason-lspconfig.settings')
044.303  000.145  000.077: require('mason-lspconfig')
045.491  002.524  001.743: require('mason-tool-installer')
045.498  002.650  000.126: sourcing /Users/atishayamaharjan/.local/share/nvim/lazy/mason-tool-installer.nvim/plugin/mason-tool-installer.lua
046.139  000.077  000.077: require('fidget.spinner.patterns')
046.140  000.151  000.073: require('fidget.spinner')
046.213  000.071  000.071: require('fidget.options')
046.216  000.295  000.073: require('fidget.progress.display')
046.381  000.089  000.089: require('fidget.logger')
046.714  000.099  000.099: require('vim.lsp.log')
047.194  000.479  000.479: require('vim.lsp.protocol')
047.665  000.152  000.152: require('vim.lsp._snippet_grammar')
047.761  000.095  000.095: require('vim.highlight')
047.768  000.573  000.326: require('vim.lsp.util')
047.942  000.076  000.076: require('vim.lsp.sync')
047.945  000.176  000.100: require('vim.lsp._changetracking')
048.149  000.204  000.204: require('vim.lsp.rpc')
048.173  001.790  000.260: require('vim.lsp')
048.377  000.203  000.203: require('vim.lsp.handlers')
048.380  002.163  000.081: require('fidget.progress.lsp')
048.719  000.079  000.079: require('fidget.poll')
048.721  000.157  000.078: require('fidget.notification.model')
048.918  000.197  000.197: require('fidget.notification.window')
049.003  000.084  000.084: require('fidget.notification.view')
049.010  000.554  000.116: require('fidget.notification')
049.011  000.630  000.076: require('fidget.progress.handle')
049.021  003.191  000.102: require('fidget.progress')
049.220  000.198  000.198: require('fidget.commands')
049.358  000.068  000.068: require('fidget.integration.nvim-tree')
049.431  000.072  000.072: require('fidget.integration.xcodebuild-nvim')
049.442  000.221  000.081: require('fidget.integration')
049.444  003.822  000.212: require('fidget')
050.090  000.220  000.220: require('neodev')
050.162  000.071  000.071: require('neodev.config')
050.309  000.070  000.070: require('neodev.util')
050.310  000.143  000.073: require('neodev.lsp')
050.568  000.257  000.257: require('lspconfig.util')
051.195  000.339  000.339: sourcing /Users/atishayamaharjan/.local/share/nvim/lazy/nvim-lspconfig/plugin/lspconfig.lua
051.668  000.215  000.215: require('cmp_nvim_lsp.source')
051.670  000.410  000.194: require('cmp_nvim_lsp')
051.979  000.075  000.075: require('mason-lspconfig.notify')
051.981  000.163  000.088: require('mason-lspconfig.lspconfig_hook')
052.175  000.096  000.096: require('mason-core.functional.table')
052.194  000.212  000.116: require('mason-lspconfig.mappings.server')
052.275  000.078  000.078: require('mason-lspconfig.server_config_extensions')
052.468  000.109  000.109: require('lspconfig.async')
052.470  000.194  000.085: require('lspconfig.configs')
052.561  000.091  000.091: require('lspconfig.server_configurations.omnisharp')
053.034  000.082  000.082: require('mason-core.functional.number')
053.043  000.311  000.228: require('mason-lspconfig.api.command')
053.227  000.085  000.085: require('lspconfig')
053.327  000.099  000.099: require('lspconfig.server_configurations.eslint')
054.092  000.096  000.096: require('lspconfig.manager')
054.180  000.080  000.080: require('lspconfig.server_configurations.lua_ls')
054.560  000.088  000.088: require('lspconfig.server_configurations.astro')
054.891  000.115  000.115: require('mason-lspconfig.server_configurations.astro')
055.279  000.135  000.135: require('lspconfig.server_configurations.emmet_language_server')
055.899  000.118  000.118: require('lspconfig.server_configurations.tailwindcss')
056.250  000.084  000.084: require('lspconfig.server_configurations.pyright')
056.605  000.080  000.080: require('lspconfig.server_configurations.dotls')
056.969  000.082  000.082: require('lspconfig.server_configurations.tsserver')
057.336  000.087  000.087: require('lspconfig.server_configurations.bashls')
057.685  000.091  000.091: require('lspconfig.server_configurations.texlab')
058.034  000.083  000.083: require('lspconfig.server_configurations.clangd')
058.403  000.121  000.121: require('lspconfig.server_configurations.sqlls')
058.865  000.201  000.201: require('lspconfig.server_configurations.cssls')
059.145  000.076  000.076: require('lspconfig.server_configurations.pylsp')
059.297  000.083  000.083: require('mason-lspconfig.server_configurations.pylsp')
059.783  000.360  000.360: require('lspconfig.server_configurations.gopls')
060.700  000.294  000.294: require('gitsigns.async')
060.769  000.069  000.069: require('gitsigns.debug.log')
060.985  000.215  000.215: require('gitsigns.config')
060.987  001.007  000.429: require('gitsigns')
061.277  000.188  000.188: require('gitsigns.highlight')
062.899  000.321  000.321: sourcing /Users/atishayamaharjan/.local/share/nvim/lazy/no-neck-pain.nvim/plugin/no-neck-pain.lua
063.683  000.073  000.073: require('gitblame.utils')
063.685  000.182  000.108: require('gitblame.git')
063.829  000.074  000.074: require('lua-timeago/languages/en')
063.830  000.144  000.070: require('lua-timeago')
063.837  000.657  000.332: require('gitblame')
063.906  000.068  000.068: require('gitblame.config')
063.933  000.800  000.074: sourcing /Users/atishayamaharjan/.local/share/nvim/lazy/git-blame.nvim/plugin/gitblame.lua
064.892  000.368  000.368: require('Comment.config')
065.101  000.093  000.093: require('Comment.ft')
065.103  000.210  000.116: require('Comment.utils')
065.172  000.069  000.069: require('Comment.opfunc')
065.240  000.066  000.066: require('Comment.extra')
065.241  001.036  000.323: require('Comment.api')
065.266  001.209  000.173: sourcing /Users/atishayamaharjan/.local/share/nvim/lazy/Comment.nvim/plugin/Comment.lua
065.370  000.066  000.066: require('Comment')
065.720  000.168  000.168: sourcing /Users/atishayamaharjan/.local/share/nvim/lazy/vimtex/plugin/vimtex.vim
065.929  000.155  000.155: sourcing /Users/atishayamaharjan/.local/share/nvim/lazy/vimtex/ftdetect/cls.vim
066.136  000.178  000.178: sourcing /Users/atishayamaharjan/.local/share/nvim/lazy/vimtex/ftdetect/tex.vim
066.188  000.025  000.025: sourcing /Users/atishayamaharjan/.local/share/nvim/lazy/vimtex/ftdetect/tikz.vim
066.763  000.358  000.358: require('conform')
067.007  000.139  000.139: sourcing /Users/atishayamaharjan/.local/share/nvim/lazy/nvim-web-devicons/plugin/nvim-web-devicons.vim
067.727  000.401  000.401: require('nvim-web-devicons.icons-default')
067.806  000.744  000.343: require('nvim-web-devicons')
080.693  000.222  000.222: sourcing /opt/homebrew/Cellar/neovim/0.10.4_1/share/nvim/runtime/plugin/editorconfig.lua
081.017  000.287  000.287: sourcing /opt/homebrew/Cellar/neovim/0.10.4_1/share/nvim/runtime/plugin/gzip.vim
081.261  000.179  000.179: sourcing /opt/homebrew/Cellar/neovim/0.10.4_1/share/nvim/runtime/plugin/man.lua
081.961  000.245  000.245: sourcing /opt/homebrew/Cellar/neovim/0.10.4_1/share/nvim/runtime/pack/dist/opt/matchit/plugin/matchit.vim
081.970  000.675  000.430: sourcing /opt/homebrew/Cellar/neovim/0.10.4_1/share/nvim/runtime/plugin/matchit.vim
082.268  000.243  000.243: sourcing /opt/homebrew/Cellar/neovim/0.10.4_1/share/nvim/runtime/plugin/matchparen.vim
082.541  000.244  000.244: sourcing /opt/homebrew/Cellar/neovim/0.10.4_1/share/nvim/runtime/plugin/netrwPlugin.vim
082.734  000.158  000.158: sourcing /opt/homebrew/Cellar/neovim/0.10.4_1/share/nvim/runtime/plugin/osc52.lua
082.967  000.193  000.193: sourcing /opt/homebrew/Cellar/neovim/0.10.4_1/share/nvim/runtime/plugin/rplugin.vim
083.143  000.116  000.116: sourcing /opt/homebrew/Cellar/neovim/0.10.4_1/share/nvim/runtime/plugin/shada.vim
083.308  000.125  000.125: sourcing /opt/homebrew/Cellar/neovim/0.10.4_1/share/nvim/runtime/plugin/spellfile.vim
083.423  000.056  000.056: sourcing /opt/homebrew/Cellar/neovim/0.10.4_1/share/nvim/runtime/plugin/tarPlugin.vim
083.659  000.180  000.180: sourcing /opt/homebrew/Cellar/neovim/0.10.4_1/share/nvim/runtime/plugin/tohtml.lua
083.744  000.029  000.029: sourcing /opt/homebrew/Cellar/neovim/0.10.4_1/share/nvim/runtime/plugin/tutor.vim
083.870  000.068  000.068: sourcing /opt/homebrew/Cellar/neovim/0.10.4_1/share/nvim/runtime/plugin/zipPlugin.vim
084.122  000.103  000.103: sourcing /Users/atishayamaharjan/.local/share/nvim/lazy/cmp-nvim-lsp/after/plugin/cmp_nvim_lsp.lua
084.149  078.738  032.939: sourcing /Users/atishayamaharjan/.config/nvim/init.lua
084.154  000.984: sourcing vimrc file(s)
084.474  000.031  000.031: sourcing /opt/homebrew/Cellar/neovim/0.10.4_1/share/nvim/runtime/filetype.lua
085.185  000.255  000.255: sourcing /opt/homebrew/Cellar/neovim/0.10.4_1/share/nvim/runtime/syntax/synload.vim
085.230  000.684  000.429: sourcing /opt/homebrew/Cellar/neovim/0.10.4_1/share/nvim/runtime/syntax/syntax.vim
085.234  000.365: inits 3
088.455  003.221: reading ShaDa
088.512  000.057: opening buffers
088.522  000.010: BufEnter autocommands
088.523  000.001: editing files in windows
089.025  000.174  000.174: sourcing /Users/atishayamaharjan/.local/share/nvim/lazy/plenary.nvim/plugin/plenary.vim
089.757  000.324  000.324: sourcing /Users/atishayamaharjan/.local/share/nvim/lazy/telescope.nvim/plugin/telescope.lua
090.145  000.093  000.093: require('telescope._extensions')
090.146  000.375  000.282: require('telescope')
090.239  000.091  000.091: require('telescope.themes')
091.089  000.101  000.101: require('plenary.bit')
091.169  000.079  000.079: require('plenary.functional')
091.189  000.584  000.404: require('plenary.path')
091.197  000.709  000.125: require('plenary.strings')
091.276  000.079  000.079: require('telescope.deprecated')
091.714  000.113  000.113: require('plenary.log')
091.733  000.258  000.145: require('telescope.log')
092.238  000.243  000.243: require('plenary.job')
092.411  000.171  000.171: require('telescope.state')
092.417  000.684  000.270: require('telescope.utils')
092.421  001.145  000.203: require('telescope.sorters')
093.796  003.551  001.619: require('telescope.config')
095.222  000.631  000.631: require('fzf_lib')
095.224  000.759  000.128: require('telescope._extensions.fzf')
095.307  000.080  000.080: require('telescope._extensions.ui-select')
095.943  000.069  000.069: require('plenary.tbl')
095.945  000.140  000.071: require('plenary.vararg.rotate')
095.946  000.210  000.070: require('plenary.vararg')
096.026  000.080  000.080: require('plenary.errors')
096.028  000.360  000.070: require('plenary.async.async')
096.453  000.064  000.064: require('plenary.async.structs')
096.456  000.282  000.218: require('plenary.async.control')
096.463  000.356  000.074: require('plenary.async.util')
096.464  000.435  000.079: require('plenary.async.tests')
096.465  000.874  000.079: require('plenary.async')
096.721  000.072  000.072: require('plenary.window.border')
096.791  000.069  000.069: require('plenary.window')
096.855  000.063  000.063: require('plenary.popup.utils')
096.857  000.391  000.187: require('plenary.popup')
097.177  000.073  000.073: require('telescope.pickers.scroller')
097.254  000.076  000.076: require('telescope.actions.state')
097.326  000.072  000.072: require('telescope.actions.utils')
097.637  000.233  000.233: require('telescope.actions.mt')
097.643  000.316  000.083: require('telescope.actions.set')
097.797  000.075  000.075: require('telescope.config.resolve')
097.798  000.154  000.079: require('telescope.pickers.entry_display')
097.873  000.074  000.074: require('telescope.from_entry')
097.993  001.135  000.370: require('telescope.actions')
098.075  000.081  000.081: require('telescope.debounce')
098.173  000.098  000.098: require('telescope.mappings')
098.341  000.166  000.166: require('telescope.pickers.highlights')
098.498  000.157  000.157: require('telescope.pickers.window')
098.720  000.076  000.076: require('telescope.algos.linked_list')
098.722  000.222  000.146: require('telescope.entry_manager')
098.798  000.076  000.076: require('telescope.pickers.multi')
098.805  003.497  000.297: require('telescope.pickers')
099.270  000.243  000.243: require('telescope.make_entry')
099.341  000.070  000.070: require('telescope.finders.async_static_finder')
099.553  000.063  000.063: require('plenary.class')
099.582  000.170  000.108: require('telescope._')
099.583  000.241  000.071: require('telescope.finders.async_oneshot_finder')
099.652  000.069  000.069: require('telescope.finders.async_job_finder')
099.654  000.849  000.225: require('telescope.finders')
099.731  000.068  000.068: require('vim.ui')
099.850  000.115  000.115: require('telescope.builtin')
100.179  000.142  000.142: sourcing /Users/atishayamaharjan/.local/share/nvim/lazy/todo-comments.nvim/plugin/todo.vim
100.671  000.065  000.065: require('todo-comments.util')
100.674  000.142  000.076: require('todo-comments.config')
100.951  000.214  000.214: require('todo-comments.highlight')
100.952  000.278  000.064: require('todo-comments.jump')
100.953  000.724  000.305: require('todo-comments')
101.115  000.078  000.078: require('vim.treesitter.highlighter')
101.230  001.878: VimEnter autocommands
101.242  000.012: UIEnter autocommands
101.756  000.377  000.377: sourcing /opt/homebrew/Cellar/neovim/0.10.4_1/share/nvim/runtime/autoload/provider/clipboard.vim
101.759  000.140: before starting main loop
101.871  000.112: first screen update
101.871  000.001: --- NVIM STARTED ---

--- Startup times for process: Primary/TUI ---

times in msec
 clock   self+sourced   self:  sourced script
 clock   elapsed:              other lines

000.000  000.000: --- NVIM STARTING ---
000.088  000.088: event init
000.209  000.121: early init
000.578  000.370: locale set
000.616  000.037: init first window
000.948  000.332: inits 1
000.953  000.006: window checked
000.957  000.004: parsing arguments
001.361  000.029  000.029: require('vim.shared')
001.427  000.032  000.032: require('vim.inspect')
001.466  000.030  000.030: require('vim._options')
001.468  000.102  000.041: require('vim._editor')
001.469  000.162  000.032: require('vim._init_packages')
001.471  000.352: init lua interpreter
001.810  000.339: --- NVIM STARTED ---

--- Startup times for process: Embedded ---

times in msec
 clock   self+sourced   self:  sourced script
 clock   elapsed:              other lines

000.000  000.000: --- NVIM STARTING ---
000.060  000.060: event init
000.156  000.095: early init
000.429  000.273: locale set
000.458  000.029: init first window
000.673  000.215: inits 1
000.684  000.011: window checked
000.686  000.002: parsing arguments
001.013  000.024  000.024: require('vim.shared')
001.073  000.034  000.034: require('vim.inspect')
001.103  000.023  000.023: require('vim._options')
001.104  000.089  000.032: require('vim._editor')
001.105  000.152  000.039: require('vim._init_packages')
001.107  000.269: init lua interpreter
002.974  001.867: expanding arguments
002.984  000.010: inits 2
003.172  000.188: init highlight
003.173  000.001: waiting for UI
003.268  000.095: done waiting for UI
003.270  000.002: clear screen
003.328  000.006  000.006: require('vim.keymap')
003.940  000.668  000.662: require('vim._defaults')
003.941  000.004: init default mappings & autocommands
004.358  000.047  000.047: sourcing /opt/homebrew/Cellar/neovim/0.10.4_1/share/nvim/runtime/ftplugin.vim
004.428  000.018  000.018: sourcing /opt/homebrew/Cellar/neovim/0.10.4_1/share/nvim/runtime/indent.vim
004.788  000.218  000.218: require('core.lazy')
005.360  000.219  000.219: require('config.options')
006.682  000.005  000.005: require('vim.F')
006.726  001.150  001.145: require('vim.diagnostic')
007.083  001.723  000.573: require('config.keymaps')
007.240  000.155  000.155: require('config.autocmds')
007.242  002.453  000.356: require('config')
007.444  000.200  000.200: require('lazy')
007.573  000.058  000.058: require('kickstart.plugins.autopairs')
007.631  000.057  000.057: require('kickstart.plugins.neo-tree')
007.706  000.074  000.074: require('kickstart.plugins.gitsigns')
007.707  000.262  000.072: require('plugins')
007.724  000.008  000.008: require('ffi')
007.779  000.028  000.028: require('vim.fs')
007.879  000.097  000.097: require('vim.uri')
007.885  000.160  000.035: require('vim.loader')
008.112  000.206  000.206: require('lazy.stats')
008.249  000.115  000.115: require('lazy.core.util')
008.372  000.122  000.122: require('lazy.core.config')
008.639  000.108  000.108: require('lazy.core.handler')
008.714  000.074  000.074: require('lazy.core.plugin')
008.717  000.344  000.162: require('lazy.core.loader')
009.266  000.086  000.086: require('plugins.editor')
009.381  000.071  000.071: require('plugins.ui')
009.557  000.136  000.136: require('plugins.lsp')
009.768  000.152  000.152: require('plugins.completion')
009.983  000.062  000.062: require('plugins.git')
010.121  000.084  000.084: require('plugins.navigation')
010.623  000.102  000.102: require('plugins.treesitter')
010.783  000.059  000.059: require('plugins.markdown')
011.009  000.109  000.109: require('plugins.tex')
011.175  000.058  000.058: require('custom.plugins')
011.231  000.054  000.054: require('custom.plugins.gitblame')
011.288  000.053  000.053: require('custom.plugins.undotree')
011.611  000.073  000.073: require('lazy.core.handler.keys')
011.687  000.073  000.073: require('lazy.core.handler.event')
011.749  000.062  000.062: require('lazy.core.handler.ft')
011.870  000.119  000.119: require('lazy.core.handler.cmd')
012.878  000.324  000.324: sourcing /opt/homebrew/Cellar/neovim/0.10.4_1/share/nvim/runtime/filetype.lua
014.188  000.414  000.414: require('kanagawa')
014.275  000.086  000.086: require('kanagawa.utils')
014.355  000.074  000.074: require('kanagawa.colors')
014.607  000.076  000.076: require('kanagawa.lib.hsluv')
014.610  000.144  000.068: require('kanagawa.lib.color')
014.612  000.239  000.094: require('kanagawa.themes')
014.743  000.069  000.069: require('kanagawa.highlights')
014.822  000.078  000.078: require('kanagawa.highlights.editor')
014.910  000.066  000.066: require('kanagawa.highlights.syntax')
015.017  000.081  000.081: require('kanagawa.highlights.treesitter')
015.096  000.066  000.066: require('kanagawa.highlights.lsp')
015.258  000.158  000.158: require('kanagawa.highlights.plugins')
015.676  001.911  000.581: sourcing /Users/atishayamaharjan/.local/share/nvim/lazy/kanagawa.nvim/colors/kanagawa-wave.vim
016.455  000.545  000.545: require('mini.ai')
017.138  000.323  000.323: require('mini.surround')
017.530  000.303  000.303: require('mini.statusline')
018.251  000.110  000.110: require('mason-core.path')
018.463  000.134  000.134: require('mason-core.functional')
018.674  000.097  000.097: require('mason-core.functional.data')
018.677  000.205  000.108: require('mason-core.functional.function')
018.808  000.125  000.125: require('mason-core.functional.relation')
018.908  000.095  000.095: require('mason-core.functional.logic')
018.921  000.669  000.111: require('mason-core.platform')
019.017  000.095  000.095: require('mason.settings')
019.018  001.087  000.212: require('mason')
019.218  000.073  000.073: require('mason-core.functional.list')
019.288  000.069  000.069: require('mason-core.functional.string')
019.303  000.253  000.111: require('mason.api.command')
019.419  000.113  000.113: require('mason-registry.sources')
020.393  000.076  000.076: require('mason-core.log')
020.395  000.144  000.068: require('mason-core.EventEmitter')
020.474  000.078  000.078: require('mason-core.optional')
020.674  000.102  000.102: require('mason-core.async')
020.765  000.090  000.090: require('mason-core.async.uv')
020.768  000.294  000.101: require('mason-core.fs')
020.777  000.698  000.183: require('mason-registry')
020.982  000.106  000.106: require('mason-lspconfig.settings')
020.984  000.206  000.100: require('mason-lspconfig')
022.627  002.908  002.004: require('mason-tool-installer')
022.634  002.953  000.046: sourcing /Users/atishayamaharjan/.local/share/nvim/lazy/mason-tool-installer.nvim/plugin/mason-tool-installer.lua
023.208  000.073  000.073: require('fidget.spinner.patterns')
023.209  000.132  000.059: require('fidget.spinner')
023.275  000.065  000.065: require('fidget.options')
023.278  000.265  000.068: require('fidget.progress.display')
023.426  000.082  000.082: require('fidget.logger')
023.694  000.122  000.122: require('vim.lsp.log')
024.168  000.471  000.471: require('vim.lsp.protocol')
024.580  000.267  000.267: require('vim.lsp._snippet_grammar')
024.660  000.078  000.078: require('vim.highlight')
024.675  000.506  000.161: require('vim.lsp.util')
024.910  000.119  000.119: require('vim.lsp.sync')
024.917  000.240  000.122: require('vim.lsp._changetracking')
025.153  000.236  000.236: require('vim.lsp.rpc')
025.226  001.799  000.223: require('vim.lsp')
025.589  000.362  000.362: require('vim.lsp.handlers')
025.597  002.318  000.075: require('fidget.progress.lsp')
025.882  000.068  000.068: require('fidget.poll')
025.885  000.137  000.069: require('fidget.notification.model')
025.957  000.071  000.071: require('fidget.notification.window')
026.025  000.067  000.067: require('fidget.notification.view')
026.044  000.364  000.089: require('fidget.notification')
026.046  000.448  000.084: require('fidget.progress.handle')
026.058  003.112  000.081: require('fidget.progress')
026.145  000.086  000.086: require('fidget.commands')
026.304  000.100  000.100: require('fidget.integration.nvim-tree')
026.367  000.062  000.062: require('fidget.integration.xcodebuild-nvim')
026.381  000.234  000.073: require('fidget.integration')
026.383  003.644  000.212: require('fidget')
027.060  000.179  000.179: require('neodev')
027.124  000.062  000.062: require('neodev.config')
027.284  000.064  000.064: require('neodev.util')
027.286  000.130  000.066: require('neodev.lsp')
027.394  000.107  000.107: require('lspconfig.util')
027.684  000.058  000.058: sourcing /Users/atishayamaharjan/.local/share/nvim/lazy/nvim-lspconfig/plugin/lspconfig.lua
028.082  000.177  000.177: require('cmp_nvim_lsp.source')
028.084  000.362  000.185: require('cmp_nvim_lsp')
028.369  000.057  000.057: require('mason-lspconfig.notify')
028.371  000.163  000.106: require('mason-lspconfig.lspconfig_hook')
028.535  000.086  000.086: require('mason-core.functional.table')
028.558  000.186  000.099: require('mason-lspconfig.mappings.server')
028.662  000.058  000.058: require('mason-lspconfig.server_config_extensions')
028.827  000.059  000.059: require('lspconfig.async')
028.829  000.166  000.107: require('lspconfig.configs')
028.908  000.079  000.079: require('lspconfig.server_configurations.omnisharp')
029.210  000.059  000.059: require('mason-core.functional.number')
029.218  000.134  000.075: require('mason-lspconfig.api.command')
029.380  000.060  000.060: require('lspconfig')
029.445  000.064  000.064: require('lspconfig.server_configurations.eslint')
030.102  000.066  000.066: require('lspconfig.manager')
030.167  000.059  000.059: require('lspconfig.server_configurations.bashls')
030.606  000.066  000.066: require('lspconfig.server_configurations.tailwindcss')
030.996  000.105  000.105: require('lspconfig.server_configurations.cssls')
031.347  000.069  000.069: require('lspconfig.server_configurations.tsserver')
031.788  000.087  000.087: require('lspconfig.server_configurations.texlab')
032.280  000.084  000.084: require('lspconfig.server_configurations.clangd')
032.721  000.072  000.072: require('lspconfig.server_configurations.sqlls')
033.140  000.112  000.112: require('lspconfig.server_configurations.lua_ls')
033.544  000.073  000.073: require('lspconfig.server_configurations.dotls')
034.260  000.145  000.145: require('lspconfig.server_configurations.pyright')
034.787  000.065  000.065: require('lspconfig.server_configurations.pylsp')
034.993  000.081  000.081: require('mason-lspconfig.server_configurations.pylsp')
035.282  000.064  000.064: require('lspconfig.server_configurations.gopls')
035.578  000.061  000.061: require('lspconfig.server_configurations.astro')
035.699  000.058  000.058: require('mason-lspconfig.server_configurations.astro')
035.845  000.069  000.069: require('lspconfig.server_configurations.emmet_language_server')
036.332  000.196  000.196: require('conform')
036.846  000.063  000.063: require('gitblame.utils')
036.848  000.134  000.071: require('gitblame.git')
036.963  000.059  000.059: require('lua-timeago/languages/en')
036.964  000.115  000.056: require('lua-timeago')
036.970  000.491  000.241: require('gitblame')
037.026  000.055  000.055: require('gitblame.config')
037.079  000.635  000.088: sourcing /Users/atishayamaharjan/.local/share/nvim/lazy/git-blame.nvim/plugin/gitblame.lua
037.198  000.043  000.043: sourcing /Users/atishayamaharjan/.local/share/nvim/lazy/no-neck-pain.nvim/plugin/no-neck-pain.lua
037.530  000.092  000.092: sourcing /Users/atishayamaharjan/.local/share/nvim/lazy/undotree/plugin/undotree.vim
038.022  000.058  000.058: require('gitsigns.async')
038.083  000.060  000.060: require('gitsigns.debug.log')
038.167  000.083  000.083: require('gitsigns.config')
038.169  000.458  000.258: require('gitsigns')
038.326  000.075  000.075: require('gitsigns.highlight')
040.296  000.063  000.063: require('nvim-treesitter.utils')
040.738  000.055  000.055: require('vim.treesitter.language')
040.792  000.053  000.053: require('vim.func')
040.851  000.057  000.057: require('vim.func._memoize')
040.875  000.266  000.101: require('vim.treesitter.query')
040.934  000.058  000.058: require('vim.treesitter._range')
040.940  000.404  000.081: require('vim.treesitter.languagetree')
040.943  000.473  000.069: require('vim.treesitter')
041.486  001.190  000.716: require('nvim-treesitter.parsers')
041.820  000.087  000.087: require('nvim-treesitter.compat')
041.983  000.087  000.087: require('nvim-treesitter.ts_utils')
041.988  000.167  000.079: require('nvim-treesitter.tsrange')
042.059  000.071  000.071: require('nvim-treesitter.caching')
042.067  000.428  000.104: require('nvim-treesitter.query')
042.076  000.524  000.095: require('nvim-treesitter.configs')
042.081  000.593  000.070: require('nvim-treesitter.info')
042.161  000.080  000.080: require('nvim-treesitter.shell_command_selectors')
042.182  002.031  000.106: require('nvim-treesitter.install')
042.252  000.068  000.068: require('nvim-treesitter.statusline')
042.334  000.082  000.082: require('nvim-treesitter.query_predicates')
042.335  002.370  000.189: require('nvim-treesitter')
042.697  002.768  000.398: sourcing /Users/atishayamaharjan/.local/share/nvim/lazy/nvim-treesitter/plugin/nvim-treesitter.lua
043.598  000.095  000.095: require('nvim-treesitter.indent')
043.759  000.065  000.065: require('nvim-treesitter.highlight')
044.055  000.022  000.022: sourcing /Users/atishayamaharjan/.local/share/nvim/lazy/vimtex/plugin/vimtex.vim
044.124  000.009  000.009: sourcing /Users/atishayamaharjan/.local/share/nvim/lazy/vimtex/ftdetect/cls.vim
044.162  000.008  000.008: sourcing /Users/atishayamaharjan/.local/share/nvim/lazy/vimtex/ftdetect/tex.vim
044.199  000.008  000.008: sourcing /Users/atishayamaharjan/.local/share/nvim/lazy/vimtex/ftdetect/tikz.vim
044.421  000.014  000.014: sourcing /Users/atishayamaharjan/.local/share/nvim/lazy/nvim-web-devicons/plugin/nvim-web-devicons.vim
045.206  000.471  000.471: require('nvim-web-devicons.icons-default')
045.313  000.861  000.390: require('nvim-web-devicons')
059.097  000.014  000.014: sourcing /Users/atishayamaharjan/.local/share/nvim/lazy/nvim-colorizer.lua/plugin/colorizer.vim
059.436  000.066  000.066: require('colorizer/nvim')
059.536  000.099  000.099: require('colorizer/trie')
059.611  000.499  000.334: require('colorizer')
060.621  000.056  000.056: require('Comment.config')
060.754  000.072  000.072: require('Comment.ft')
060.756  000.134  000.062: require('Comment.utils')
060.814  000.058  000.058: require('Comment.opfunc')
060.886  000.071  000.071: require('Comment.extra')
060.888  000.575  000.256: require('Comment.api')
060.949  000.671  000.096: sourcing /Users/atishayamaharjan/.local/share/nvim/lazy/Comment.nvim/plugin/Comment.lua
061.023  000.057  000.057: require('Comment')
061.331  000.049  000.049: require('render-markdown.state')
061.522  000.085  000.085: require('render-markdown.logger')
061.523  000.138  000.054: require('render-markdown.handler.latex')
061.627  000.048  000.048: require('render-markdown.callout')
061.675  000.047  000.047: require('render-markdown.list')
061.724  000.049  000.049: require('render-markdown.ts')
061.775  000.049  000.049: require('render-markdown.util')
061.776  000.252  000.059: require('render-markdown.handler.markdown')
061.827  000.051  000.051: require('render-markdown.handler.markdown_inline')
061.829  000.497  000.056: require('render-markdown.ui')
061.833  000.749  000.203: require('render-markdown')
065.992  000.177  000.177: sourcing /Users/atishayamaharjan/.local/share/nvim/lazy/vim-sleuth/plugin/sleuth.vim
066.110  000.034  000.034: sourcing /opt/homebrew/Cellar/neovim/0.10.4_1/share/nvim/runtime/plugin/editorconfig.lua
066.202  000.061  000.061: sourcing /opt/homebrew/Cellar/neovim/0.10.4_1/share/nvim/runtime/plugin/gzip.vim
066.293  000.050  000.050: sourcing /opt/homebrew/Cellar/neovim/0.10.4_1/share/nvim/runtime/plugin/man.lua
066.767  000.083  000.083: sourcing /opt/homebrew/Cellar/neovim/0.10.4_1/share/nvim/runtime/pack/dist/opt/matchit/plugin/matchit.vim
066.774  000.450  000.367: sourcing /opt/homebrew/Cellar/neovim/0.10.4_1/share/nvim/runtime/plugin/matchit.vim
066.881  000.075  000.075: sourcing /opt/homebrew/Cellar/neovim/0.10.4_1/share/nvim/runtime/plugin/matchparen.vim
067.029  000.116  000.116: sourcing /opt/homebrew/Cellar/neovim/0.10.4_1/share/nvim/runtime/plugin/netrwPlugin.vim
067.109  000.045  000.045: sourcing /opt/homebrew/Cellar/neovim/0.10.4_1/share/nvim/runtime/plugin/osc52.lua
067.207  000.063  000.063: sourcing /opt/homebrew/Cellar/neovim/0.10.4_1/share/nvim/runtime/plugin/rplugin.vim
067.292  000.025  000.025: sourcing /opt/homebrew/Cellar/neovim/0.10.4_1/share/nvim/runtime/plugin/shada.vim
067.360  000.008  000.008: sourcing /opt/homebrew/Cellar/neovim/0.10.4_1/share/nvim/runtime/plugin/spellfile.vim
067.454  000.035  000.035: sourcing /opt/homebrew/Cellar/neovim/0.10.4_1/share/nvim/runtime/plugin/tarPlugin.vim
067.558  000.045  000.045: sourcing /opt/homebrew/Cellar/neovim/0.10.4_1/share/nvim/runtime/plugin/tohtml.lua
067.625  000.007  000.007: sourcing /opt/homebrew/Cellar/neovim/0.10.4_1/share/nvim/runtime/plugin/tutor.vim
067.723  000.057  000.057: sourcing /opt/homebrew/Cellar/neovim/0.10.4_1/share/nvim/runtime/plugin/zipPlugin.vim
067.940  000.039  000.039: sourcing /Users/atishayamaharjan/.local/share/nvim/lazy/cmp-nvim-lsp/after/plugin/cmp_nvim_lsp.lua
067.959  063.433  034.769: sourcing /Users/atishayamaharjan/.config/nvim/init.lua
067.964  000.525: sourcing vimrc file(s)
068.241  000.026  000.026: sourcing /opt/homebrew/Cellar/neovim/0.10.4_1/share/nvim/runtime/filetype.lua
068.422  000.026  000.026: sourcing /opt/homebrew/Cellar/neovim/0.10.4_1/share/nvim/runtime/syntax/synload.vim
068.472  000.169  000.143: sourcing /opt/homebrew/Cellar/neovim/0.10.4_1/share/nvim/runtime/syntax/syntax.vim
068.476  000.317: inits 3
071.031  002.555: reading ShaDa
071.090  000.059: opening buffers
071.101  000.011: BufEnter autocommands
071.105  000.004: editing files in windows
071.420  000.012  000.012: sourcing /Users/atishayamaharjan/.local/share/nvim/lazy/plenary.nvim/plugin/plenary.vim
071.489  000.009  000.009: sourcing /Users/atishayamaharjan/.local/share/nvim/lazy/todo-comments.nvim/plugin/todo.vim
071.892  000.060  000.060: require('todo-comments.util')
071.895  000.137  000.078: require('todo-comments.config')
072.017  000.066  000.066: require('todo-comments.highlight')
072.018  000.122  000.056: require('todo-comments.jump')
072.019  000.512  000.252: require('todo-comments')
072.247  000.083  000.083: require('vim.treesitter.highlighter')
072.727  000.087  000.087: sourcing /Users/atishayamaharjan/.local/share/nvim/lazy/telescope.nvim/plugin/telescope.lua
073.046  000.065  000.065: require('telescope._extensions')
073.047  000.312  000.247: require('telescope')
073.112  000.064  000.064: require('telescope.themes')
073.371  000.055  000.055: require('plenary.bit')
073.424  000.052  000.052: require('plenary.functional')
073.442  000.196  000.089: require('plenary.path')
073.450  000.260  000.063: require('plenary.strings')
073.556  000.106  000.106: require('telescope.deprecated')
073.825  000.085  000.085: require('plenary.log')
073.842  000.186  000.101: require('telescope.log')
074.019  000.066  000.066: require('plenary.job')
074.088  000.068  000.068: require('telescope.state')
074.091  000.249  000.114: require('telescope.utils')
074.094  000.537  000.103: require('telescope.sorters')
074.966  001.850  000.948: require('telescope.config')
075.873  000.414  000.414: require('fzf_lib')
075.875  000.489  000.075: require('telescope._extensions.fzf')
075.951  000.064  000.064: require('telescope._extensions.ui-select')
076.561  000.050  000.050: require('plenary.tbl')
076.563  000.106  000.056: require('plenary.vararg.rotate')
076.564  000.172  000.065: require('plenary.vararg')
076.639  000.074  000.074: require('plenary.errors')
076.641  000.302  000.056: require('plenary.async.async')
076.848  000.051  000.051: require('plenary.async.structs')
076.850  000.107  000.055: require('plenary.async.control')
076.853  000.163  000.056: require('plenary.async.util')
076.854  000.212  000.050: require('plenary.async.tests')
076.855  000.586  000.071: require('plenary.async')
076.990  000.070  000.070: require('plenary.window.border')
077.050  000.060  000.060: require('plenary.window')
077.101  000.050  000.050: require('plenary.popup.utils')
077.103  000.247  000.069: require('plenary.popup')
077.281  000.061  000.061: require('telescope.pickers.scroller')
077.340  000.058  000.058: require('telescope.actions.state')
077.401  000.061  000.061: require('telescope.actions.utils')
077.524  000.063  000.063: require('telescope.actions.mt')
077.530  000.129  000.065: require('telescope.actions.set')
077.649  000.060  000.060: require('telescope.config.resolve')
077.650  000.119  000.059: require('telescope.pickers.entry_display')
077.705  000.055  000.055: require('telescope.from_entry')
077.803  000.700  000.218: require('telescope.actions')
077.883  000.079  000.079: require('telescope.debounce')
078.012  000.128  000.128: require('telescope.mappings')
078.080  000.067  000.067: require('telescope.pickers.highlights')
078.144  000.064  000.064: require('telescope.pickers.window')
078.302  000.082  000.082: require('telescope.algos.linked_list')
078.304  000.159  000.077: require('telescope.entry_manager')
078.409  000.105  000.105: require('telescope.pickers.multi')
078.421  002.465  000.331: require('telescope.pickers')
078.629  000.133  000.133: require('telescope.make_entry')
078.727  000.097  000.097: require('telescope.finders.async_static_finder')
078.957  000.090  000.090: require('plenary.class')
078.978  000.185  000.096: require('telescope._')
078.979  000.251  000.066: require('telescope.finders.async_oneshot_finder')
079.042  000.063  000.063: require('telescope.finders.async_job_finder')
079.046  000.625  000.081: require('telescope.finders')
079.111  000.058  000.058: require('vim.ui')
079.238  000.122  000.122: require('telescope.builtin')
079.430  001.573: VimEnter autocommands
079.441  000.011: UIEnter autocommands
079.627  000.078  000.078: sourcing /opt/homebrew/Cellar/neovim/0.10.4_1/share/nvim/runtime/autoload/provider/clipboard.vim
079.630  000.110: before starting main loop
079.820  000.190: first screen update
079.821  000.001: --- NVIM STARTED ---

